// Jest Snapshot v1, https://goo.gl/fbAQLP

exports[`Test <AddCategory /> should render <AddCategory /> correctly 1`] = `
<form
  data-testid="AddCategoryForm"
  onSubmit={[Function]}
>
  <input
    data-testid="AddCategoryInput"
    onChange={[Function]}
    type="text"
    value=""
  />
</form>
`;
